 --------------------
 Symbol    | Location
 ----------+---------
 abs       |   10C
 acuEnd    |   072
 angulo    |   09E
 check1    |   0FC
 check2    |   166
 chkB      |   052
 chkC      |   062
 cosA      |   07E
 cosB      |   07F
 cosC      |   080
 cosa2bc   |   0CF
 cosaa     |   0C9
 cosaa2    |   0CC
 cosab     |   0CA
 cosab2    |   0CD
 cosac     |   0CB
 cosac2    |   0CE
 div       |   13B
 div2      |   145
 end       |   073
 endwhile  |   0F8
 endwhile2 |   133
 endwhile4 |   162
 equals    |   15F
 generar   |   124
 imult     |   107
 iraiz     |   138
 lon       |   086
 lonab     |   07B
 lonbc     |   07C
 lonca     |   07D
 lonx12    |   09C
 lony12    |   09D
 mult      |   0D2
 mult2     |   0DD
 nagative2 |   16A
 negative  |   100
 obtA      |   048
 obtB      |   058
 obtC      |   068
 onediv    |   173
 onemult   |   10A
 oneneg    |   082
 onepos    |   081
 oneraiz   |   136
 operation |   159
 raiz      |   117
 raiz1     |   11F
 recA      |   04D
 recB      |   05D
 recC      |   06D
 res       |   116
 resdiv    |   171
 resraiz   |   139
 return    |   103
 return2   |   16D
 rundiv    |   14B
 signodiv  |   172
 signomult |   109
 start     |   0E3
 summult   |   108
 ten       |   085
 tencosa   |   0D1
 tenraiz   |   137
 three     |   084
 two       |   083
 twocosa   |   0D0
 twodiv    |   174
 twomult   |   10B
 while     |   0EE
 while2    |   129
 while3    |   12B
 while4    |   156
 x         |   115
 x1        |   098
 x2        |   099
 xa        |   075
 xb        |   077
 xc        |   079
 xdiv      |   16F
 xmult     |   105
 xraiz     |   13A
 y1        |   09A
 y2        |   09B
 ya        |   076
 yb        |   078
 yc        |   07A
 ydiv      |   170
 ymult     |   106
