 ---------------------
 Symbol     | Location
 -----------+---------
 abs        |   16A
 abs_res    |   174
 abs_x      |   173
 acuEnd     |   072
 chkB       |   052
 chkC       |   062
 cosA       |   083
 cosB       |   084
 cosC       |   085
 cosa_a     |   0C9
 cosa_asq   |   0CC
 cosa_b     |   0CA
 cosa_bsq   |   0CD
 cosa_c     |   0CB
 cosa_csq   |   0CE
 cosa_ten   |   0D1
 cosa_two   |   0D0
 cosa_twobc |   0CF
 cosang     |   09E
 d_checktwo |   15B
 d_endwhile |   157
 d_negate   |   15F
 d_return   |   162
 d_second   |   13A
 d_start    |   140
 d_while    |   14B
 disab      |   080
 disbc      |   081
 disca      |   082
 dist       |   086
 dist_c1    |   09C
 dist_c2    |   09D
 dist_x1    |   098
 dist_x2    |   099
 dist_y1    |   09A
 dist_y2    |   09B
 div        |   130
 div_one    |   168
 div_result |   166
 div_signo  |   167
 div_two    |   169
 div_x      |   164
 div_y      |   165
 end        |   073
 equals     |   154
 m_checktwo |   120
 m_endwhile |   11C
 m_negate   |   124
 m_return   |   127
 m_second   |   101
 m_start    |   107
 m_while    |   112
 mult       |   0F6
 mult_i     |   12B
 mult_one   |   12E
 mult_signo |   12D
 mult_sum   |   12C
 mult_two   |   12F
 mult_x     |   129
 mult_y     |   12A
 obtA       |   048
 obtB       |   058
 obtC       |   068
 one        |   075
 one_neg    |   076
 operation  |   14E
 recA       |   04D
 recB       |   05D
 recC       |   06D
 sq_endwh   |   0EE
 sq_eqone   |   0DA
 sq_eqwh    |   0E4
 sq_gen     |   0DF
 sq_i       |   0F3
 sq_one     |   0F1
 sq_result  |   0F4
 sq_ten     |   0F2
 sq_wh      |   0E6
 sq_x       |   0F5
 sqroot     |   0D2
 ten        |   079
 three      |   078
 two        |   077
 xa         |   07A
 xb         |   07C
 xc         |   07E
 ya         |   07B
 yb         |   07D
 yc         |   07F
