 ---------------------
 Symbol     | Location
 -----------+---------
 a          |   051
 abs        |   0F7
 abs_res    |   0FF
 abs_x      |   0FE
 b          |   052
 b_neg      |   055
 bsq        |   054
 c          |   053
 calcsqrt   |   035
 checkzero  |   030
 d_checktwo |   0E8
 d_endwhile |   0E4
 d_negate   |   0EC
 d_return   |   0EF
 d_second   |   0C7
 d_start    |   0CD
 d_while    |   0D8
 disc       |   056
 div        |   0BD
 div_one    |   0F5
 div_result |   0F3
 div_signo  |   0F4
 div_two    |   0F6
 div_x      |   0F1
 div_y      |   0F2
 end        |   050
 equals     |   0E1
 four       |   05B
 m_checktwo |   0AD
 m_endwhile |   0A9
 m_negate   |   0B1
 m_return   |   0B4
 m_second   |   08E
 m_start    |   094
 m_while    |   09F
 mult       |   083
 mult_i     |   0B8
 mult_one   |   0BB
 mult_signo |   0BA
 mult_sum   |   0B9
 mult_two   |   0BC
 mult_x     |   0B6
 mult_y     |   0B7
 one_neg    |   059
 operation  |   0DB
 out        |   04F
 partTwo    |   043
 sq_endwh   |   07B
 sq_eqone   |   067
 sq_eqwh    |   071
 sq_gen     |   06C
 sq_i       |   07F
 sq_one     |   07E
 sq_result  |   080
 sq_ten     |   081
 sq_wh      |   073
 sq_x       |   082
 sqroot     |   05D
 sqrtdisc   |   057
 start      |   00B
 ten        |   05C
 two        |   05A
 twoa       |   058
